
=== 013_large_project  (run 1/3) ===
[step 1] list_files({}) -> 'cart.py\ncatalog.py\ncheckout.py\ncustomers.py\ndiscount.py\ndiscounts.py\ni'
[step 2] read_file({"path":"issue.md"}) -> '# Bulk discount is almost invisible\n\nCustomers with large orders say t'
[step 3] run_tests({}) -> 'STATUS: FAILED (exit code 1)\n\n.F..                                    '
[step 4] read_file({"path":"discount.py"}) -> '"""Discount helpers for the admin panel."""\n\n\ndef bulk_discount(subtot'
[step 5] read_file({"path":"discounts.py"}) -> '"""Coupon codes."""\n\nCOUPONS = {"WELCOME10": 10, "SUMMER25": 25}\n\n\ndef'
[step 6] read_file({"path":"pricing/discount_rules.py"}) -> 'BULK_THRESHOLD = 500\nBULK_PERCENT = 10\n\n\ndef bulk_discount(subtotal):\n'
[step 7] read_file({"path":"pricing/engine.py"}) -> 'from pricing.discount_rules import bulk_discount\nfrom tax import add_v'
[step 8] edit_file({"new_text":"def bulk_discount(subtotal):\n    \"\"\"Return the discount amount: BULK_PERCENT percent for orders strictly above BULK_THRESHOLD TL.\"\"\"\n    if subtotal \u003e BULK_THRESHOLD:\n        return subtotal * BULK_PERCENT / 100\n    return 0.0","old_text":"def bulk_discount(subtotal):\n    \"\"\"Return the discount amount: BULK_PERCENT percent for orders strictly above BULK_THRESHOLD TL.\"\"\"\n    if subtotal \u003e BULK_THRESHOLD:\n        return subtotal * BULK_PERCENT / 1000\n    return 0.0","path":"pricing/discount_rules.py"}) -> 'OK: Edited pricing/discount_rules.py.'
[step 9] run_tests({}) -> 'STATUS: PASSED (exit code 0)\n\n....                                    '
--> SOLVED  steps=10  cost=$0.0042

=== 013_large_project  (run 2/3) ===
[step 1] list_files({}) -> 'cart.py\ncatalog.py\ncheckout.py\ncustomers.py\ndiscount.py\ndiscounts.py\ni'
[step 2] read_file({"path":"issue.md"}) -> '# Bulk discount is almost invisible\n\nCustomers with large orders say t'
[step 3] run_tests({}) -> 'STATUS: FAILED (exit code 1)\n\n.F..                                    '
[step 4] read_file({"path":"discount.py"}) -> '"""Discount helpers for the admin panel."""\n\n\ndef bulk_discount(subtot'
[step 5] read_file({"path":"discounts.py"}) -> '"""Coupon codes."""\n\nCOUPONS = {"WELCOME10": 10, "SUMMER25": 25}\n\n\ndef'
[step 6] read_file({"path":"pricing/discount_rules.py"}) -> 'BULK_THRESHOLD = 500\nBULK_PERCENT = 10\n\n\ndef bulk_discount(subtotal):\n'
[step 7] read_file({"path":"checkout.py"}) -> 'from pricing.engine import price_order\nfrom shipping import shipping_c'
[step 8] read_file({"path":"pricing/engine.py"}) -> 'from pricing.discount_rules import bulk_discount\nfrom tax import add_v'
[step 9] read_file({"path":"test_checkout.py"}) -> 'from pytest import approx\n\nfrom cart import Cart\nfrom checkout import '
[step 10] edit_file({"old_text":"def bulk_discount(subtotal):\n    \"\"\"Return the discount amount: BULK_PERCENT percent for orders strictly above BULK_THRESHOLD TL.\"\"\"\n    if subtotal \u003e BULK_THRESHOLD:\n        return subtotal * BULK_PERCENT / 1000\n    return 0.0","new_text":"def bulk_discount(subtotal):\n    \"\"\"Return the discount amount: BULK_PERCENT percent for orders strictly above BULK_THRESHOLD TL.\"\"\"\n    if subtotal \u003e BULK_THRESHOLD:\n        return subtotal * BULK_PERCENT / 100\n    return 0.0","path":"pricing/discount_rules.py"}) -> 'OK: Edited pricing/discount_rules.py.'
[step 11] run_tests({}) -> 'STATUS: PASSED (exit code 0)\n\n....                                    '
--> SOLVED  steps=12  cost=$0.0054

=== 013_large_project  (run 3/3) ===
[step 1] list_files({}) -> 'cart.py\ncatalog.py\ncheckout.py\ncustomers.py\ndiscount.py\ndiscounts.py\ni'
[step 2] read_file({"path":"issue.md"}) -> '# Bulk discount is almost invisible\n\nCustomers with large orders say t'
[step 3] run_tests({}) -> 'STATUS: FAILED (exit code 1)\n\n.F..                                    '
[step 4] read_file({"path":"discount.py"}) -> '"""Discount helpers for the admin panel."""\n\n\ndef bulk_discount(subtot'
[step 5] read_file({"path":"discounts.py"}) -> '"""Coupon codes."""\n\nCOUPONS = {"WELCOME10": 10, "SUMMER25": 25}\n\n\ndef'
[step 6] read_file({"path":"pricing/discount_rules.py"}) -> 'BULK_THRESHOLD = 500\nBULK_PERCENT = 10\n\n\ndef bulk_discount(subtotal):\n'
[step 7] read_file({"path":"pricing/engine.py"}) -> 'from pricing.discount_rules import bulk_discount\nfrom tax import add_v'
[step 8] edit_file({"path":"pricing/discount_rules.py","old_text":"def bulk_discount(subtotal):\n    \"\"\"Return the discount amount: BULK_PERCENT percent for orders strictly above BULK_THRESHOLD TL.\"\"\"\n    if subtotal \u003e BULK_THRESHOLD:\n        return subtotal * BULK_PERCENT / 1000\n    return 0.0","new_text":"def bulk_discount(subtotal):\n    \"\"\"Return the discount amount: BULK_PERCENT percent for orders strictly above BULK_THRESHOLD TL.\"\"\"\n    if subtotal \u003e BULK_THRESHOLD:\n        return subtotal * BULK_PERCENT / 100\n    return 0.0"}) -> 'OK: Edited pricing/discount_rules.py.'
[step 9] run_tests({}) -> 'STATUS: PASSED (exit code 0)\n\n....                                    '
--> SOLVED  steps=10  cost=$0.0041

=== 014_long_file  (run 1/3) ===
[step 1] list_files({}) -> 'issue.md\nmeasurements.py\ntest_measurements.py'
[step 2] read_file({"path":"issue.md"}) -> '# average_speed_kmh() is way off\n\n`average_speed_kmh(1000, 3600)` shou'
[step 3] read_file({"path":"measurements.py"}) -> '"""Unit conversion helpers and a few derived measurements used across '
[step 4] read_file({"path":"test_measurements.py"}) -> 'from pytest import approx\n\nfrom measurements import average_speed_kmh,'
[step 5] run_tests({}) -> 'STATUS: FAILED (exit code 1)\n\n.F                                      '
[step 6] read_file({"path":"measurements.py"}) -> '"""Unit conversion helpers and a few derived measurements used across '
[step 7] edit_file({"new_text":"def average_speed_kmh(distance_metres, time_seconds):\n    \"\"\"Calculate average speed in kilometres per hour (km/h).\n\n    Given distance in metres and time in seconds.\n    \"\"\"\n    if time_seconds == 0:\n        return 0.0\n    return (distance_metres / 1000.0) / (time_seconds / 3600.0)\n","path":"measurements.py","old_text":"def average_speed_kmh(distance_metres, time_seconds):\n    \"\"\"Calculate average speed in kilometres per hour (km/h).\n\n    Given distance in metres and time in seconds.\n    \"\"\"\n    if time_seconds == 0:\n        return 0.0\n    return (distance_metres / 3600.0) / (time_seconds / 1000.0)"}) -> 'ERROR: old_text was not found. Read the file again and copy the exact '
[step 8] read_file({"path":"measurements.py"}) -> '"""Unit conversion helpers and a few derived measurements used across '
[step 9] read_file({"path":"measurements.py"}) -> '"""Unit conversion helpers and a few derived measurements used across '
[step 10] edit_file({"path":"measurements.py","old_text":"def average_speed_kmh(distance_metres, time_seconds):\n    \"\"\"Calculate average speed in kilometres per hour (km/h).\n\n    Given distance in metres and time in seconds.\n    \"\"\"\n    if time_seconds == 0:\n        return 0.0\n    return (distance_metres / 3600.0) / (time_seconds / 1000.0)","new_text":"def average_speed_kmh(distance_metres, time_seconds):\n    \"\"\"Calculate average speed in kilometres per hour (km/h).\n\n    Given distance in metres and time in seconds.\n    \"\"\"\n    if time_seconds == 0:\n        return 0.0\n    return (distance_metres / 1000.0) / (time_seconds / 3600.0)"}) -> 'ERROR: old_text was not found. Read the file again and copy the exact '
[step 11] read_file({"path":"measurements.py"}) -> '"""Unit conversion helpers and a few derived measurements used across '
[step 12] edit_file({"path":"measurements.py","old_text":"def average_speed_kmh(distance_metres, time_seconds):\n    \"\"\"Calculate average speed in kilometres per hour (km/h).\n\n    Given distance in metres and time in seconds.\n    \"\"\"\n    if time_seconds == 0:\n        return 0.0\n    return (distance_metres / 3600.0) / (time_seconds / 1000.0)","new_text":"def average_speed_kmh(distance_metres, time_seconds):\n    \"\"\"Calculate average speed in kilometres per hour (km/h).\n\n    Given distance in metres and time in seconds.\n    \"\"\"\n    if time_seconds == 0:\n        return 0.0\n    return (distance_metres / 1000.0) / (time_seconds / 3600.0)"}) -> 'ERROR: old_text was not found. Read the file again and copy the exact '
[step 13] run_tests({}) -> 'STATUS: FAILED (exit code 1)\n\n.F                                      '
[step 14] run_tests({}) -> 'STATUS: FAILED (exit code 1)\n\n.F                                      '
[step 15] run_tests({}) -> 'STATUS: FAILED (exit code 1)\n\n.F                                      '
--> not solved  steps=15  cost=$0.0826

=== 014_long_file  (run 2/3) ===
[step 1] list_files({}) -> 'issue.md\nmeasurements.py\ntest_measurements.py'
[step 2] read_file({"path":"issue.md"}) -> '# average_speed_kmh() is way off\n\n`average_speed_kmh(1000, 3600)` shou'
[step 3] read_file({"path":"measurements.py"}) -> '"""Unit conversion helpers and a few derived measurements used across '
[step 4] read_file({"path":"test_measurements.py"}) -> 'from pytest import approx\n\nfrom measurements import average_speed_kmh,'
[step 5] run_tests({}) -> 'STATUS: FAILED (exit code 1)\n\n.F                                      '
[step 6] read_file({"path":"measurements.py"}) -> '"""Unit conversion helpers and a few derived measurements used across '
[step 7] edit_file({"old_text":"def average_speed_kmh(distance_metres, time_seconds):\n    \"\"\"Calculate average speed in kilometres per hour (km/h) given distance in metres and time in seconds.\"\"\"\n    if time_seconds == 0:\n        return 0.0\n    return (distance_metres / 3600.0) / (time_seconds / 1000.0)","new_text":"def average_speed_kmh(distance_metres, time_seconds):\n    \"\"\"Calculate average speed in kilometres per hour (km/h) given distance in metres and time in seconds.\"\"\"\n    if time_seconds == 0:\n        return 0.0\n    return (distance_metres / 1000.0) / (time_seconds / 3600.0)","path":"measurements.py"}) -> 'ERROR: old_text was not found. Read the file again and copy the exact '
[step 8] read_file({"path":"measurements.py"}) -> '"""Unit conversion helpers and a few derived measurements used across '
[step 9] run_tests({}) -> 'STATUS: FAILED (exit code 1)\n\n.F                                      '
[step 10] read_file({"path":"measurements.py"}) -> '"""Unit conversion helpers and a few derived measurements used across '
[step 11] edit_file({"path":"measurements.py","old_text":"def average_speed_kmh(distance_metres, time_seconds):\n    \"\"\"Calculate average speed in kilometres per hour (km/h) given distance in metres and time in seconds.\"\"\"\n    if time_seconds == 0:\n        return 0.0\n    return (distance_metres / 3600.0) / (time_seconds / 1000.0)","new_text":"def average_speed_kmh(distance_metres, time_seconds):\n    \"\"\"Calculate average speed in kilometres per hour (km/h) given distance in metres and time in seconds.\"\"\"\n    if time_seconds == 0:\n        return 0.0\n    return (distance_metres / 1000.0) / (time_seconds / 3600.0)"}) -> 'ERROR: old_text was not found. Read the file again and copy the exact '
[step 12] read_file({"path":"measurements.py"}) -> '"""Unit conversion helpers and a few derived measurements used across '
[step 13] read_file({"path":"measurements.py"}) -> '"""Unit conversion helpers and a few derived measurements used across '
[step 14] read_file({"path":"measurements.py"}) -> '"""Unit conversion helpers and a few derived measurements used across '
[step 15] edit_file({"new_text":"def average_speed_kmh(distance_metres, time_seconds):\n    \"\"\"Calculate average speed in kilometres per hour (km/h) given distance in metres and time in seconds.\"\"\"\n    if time_seconds == 0:\n        return 0.0\n    return (distance_metres / 1000) / (time_seconds / 3600)","path":"measurements.py","old_text":"def average_speed_kmh(distance_metres, time_seconds):\n    \"\"\"Calculate average speed in kilometres per hour (km/h) given distance in metres and time in seconds.\"\"\"\n    if time_seconds == 0:\n        return 0.0\n    return (distance_metres / 3600) / (time_seconds / 1000)"}) -> 'ERROR: old_text was not found. Read the file again and copy the exact '
--> not solved  steps=15  cost=$0.0844

=== 014_long_file  (run 3/3) ===
[step 1] list_files({}) -> 'issue.md\nmeasurements.py\ntest_measurements.py'
[step 2] read_file({"path":"issue.md"}) -> '# average_speed_kmh() is way off\n\n`average_speed_kmh(1000, 3600)` shou'
[step 3] read_file({"path":"measurements.py"}) -> '"""Unit conversion helpers and a few derived measurements used across '
[step 4] read_file({"path":"test_measurements.py"}) -> 'from pytest import approx\n\nfrom measurements import average_speed_kmh,'
[step 5] run_tests({}) -> 'STATUS: FAILED (exit code 1)\n\n.F                                      '
[step 6] read_file({"path":"measurements.py"}) -> '"""Unit conversion helpers and a few derived measurements used across '
[step 7] edit_file({"old_text":"def average_speed_kmh(distance_metres, time_seconds):\n    \"\"\"Calculate average speed in kilometres per hour (km/h).\"\"\"\n    return (distance_metres / time_seconds) * 60","new_text":"def average_speed_kmh(distance_metres, time_seconds):\n    \"\"\"Calculate average speed in kilometres per hour (km/h).\"\"\"\n    return (distance_metres / 1000.0) / (time_seconds / 3600.0)","path":"measurements.py"}) -> 'ERROR: old_text was not found. Read the file again and copy the exact '
[step 8] read_file({"path":"measurements.py"}) -> '"""Unit conversion helpers and a few derived measurements used across '
[step 9] read_file({"path":"measurements.py"}) -> '"""Unit conversion helpers and a few derived measurements used across '
[step 10] read_file({"path":"measurements.py"}) -> '"""Unit conversion helpers and a few derived measurements used across '
[step 11] run_tests({}) -> 'STATUS: FAILED (exit code 1)\n\n.F                                      '
[step 12] edit_file({"new_text":"def average_speed_kmh(distance_metres, time_seconds):\n    \"\"\"Calculate average speed in kilometres per hour (km/h).\"\"\"\n    return (distance_metres / 1000.0) / (time_seconds / 3600.0)\n","old_text":"def average_speed_kmh(distance_metres, time_seconds):\n    \"\"\"Calculate average speed in kilometres per hour (km/h).\"\"\"\n    return (distance_metres / time_seconds) * 60\n","path":"measurements.py"}) -> 'ERROR: old_text was not found. Read the file again and copy the exact '
[step 13] read_file({"path":"measurements.py"}) -> '"""Unit conversion helpers and a few derived measurements used across '
[step 14] read_file({"path":"measurements.py"}) -> '"""Unit conversion helpers and a few derived measurements used across '
[step 15] run_tests({}) -> 'STATUS: FAILED (exit code 1)\n\n.F                                      '
--> not solved  steps=15  cost=$0.0891

=== 015_shared_function  (run 1/3) ===
[step 1] list_files({}) -> 'display.py\nissue.md\nphone.py\nsms.py\ntest_display.py'
[step 2] read_file({"path":"issue.md"}) -> '# Phone numbers look broken on the profile page\n\nA number saved as `05'
[step 3] read_file({"path":"phone.py"}) -> 'def normalize_phone(raw):\n    """Return a Turkish phone number in E.16'
[step 4] read_file({"path":"display.py"}) -> 'from phone import normalize_phone\n\n\ndef display_phone(raw):\n    """Ret'
[step 5] run_tests({}) -> 'STATUS: FAILED (exit code 1)\n\nFF                                      '
[step 6] read_file({"path":"test_display.py"}) -> 'from display import display_phone\n\n\ndef test_display_local_input():\n  '
[step 7] read_file({"path":"sms.py"}) -> 'from phone import normalize_phone\n\n\ndef sms_recipient(raw):\n    """Ret'
[step 8] read_file({"path":"display.py"}) -> 'from phone import normalize_phone\n\n\ndef display_phone(raw):\n    """Ret'
[step 9] edit_file({"new_text":"def display_phone(raw):\n    \"\"\"Return a human-friendly phone number like '0532 123 45 67'.\"\"\"\n    number = normalize_phone(raw)\n    digits = \"\".join(c for c in number if c.isdigit())\n    if digits.startswith(\"90\"):\n        digits = \"0\" + digits[2:]\n    return f\"{digits[:4]} {digits[4:7]} {digits[7:9]} {digits[9:]}\"","path":"display.py","old_text":"def display_phone(raw):\n    \"\"\"Return a human-friendly phone number like '0532 123 45 67'.\"\"\"\n    number = normalize_phone(raw)\n    return f\"{number[:4]} {number[4:7]} {number[7:9]} {number[9:]}\""}) -> 'OK: Edited display.py.'
[step 10] run_tests({}) -> 'STATUS: PASSED (exit code 0)\n\n..                                      '
--> SOLVED  steps=11  cost=$0.0050

=== 015_shared_function  (run 2/3) ===
[step 1] list_files({}) -> 'display.py\nissue.md\nphone.py\nsms.py\ntest_display.py'
[step 2] read_file({"path":"issue.md"}) -> '# Phone numbers look broken on the profile page\n\nA number saved as `05'
[step 3] read_file({"path":"phone.py"}) -> 'def normalize_phone(raw):\n    """Return a Turkish phone number in E.16'
[step 4] read_file({"path":"display.py"}) -> 'from phone import normalize_phone\n\n\ndef display_phone(raw):\n    """Ret'
[step 5] run_tests({}) -> 'STATUS: FAILED (exit code 1)\n\nFF                                      '
[step 6] read_file({"path":"test_display.py"}) -> 'from display import display_phone\n\n\ndef test_display_local_input():\n  '
[step 7] read_file({"path":"sms.py"}) -> 'from phone import normalize_phone\n\n\ndef sms_recipient(raw):\n    """Ret'
[step 8] read_file({"path":"display.py"}) -> 'from phone import normalize_phone\n\n\ndef display_phone(raw):\n    """Ret'
[step 9] edit_file({"new_text":"def display_phone(raw):\n    \"\"\"Return a human-friendly phone number like '0532 123 45 67'.\"\"\"\n    digits = \"\".join(c for c in raw if c.isdigit())\n    if digits.startswith(\"90\"):\n        digits = \"0\" + digits[2:]\n    elif digits.startswith(\"+90\"): # in case raw starts with +90\n        pass\n    return f\"{digits[:4]} {digits[4:7]} {digits[7:9]} {digits[9:]}\"","old_text":"def display_phone(raw):\n    \"\"\"Return a human-friendly phone number like '0532 123 45 67'.\"\"\"\n    number = normalize_phone(raw)\n    return f\"{number[:4]} {number[4:7]} {number[7:9]} {number[9:]}\"","path":"display.py"}) -> 'OK: Edited display.py.'
[step 10] run_tests({}) -> 'STATUS: PASSED (exit code 0)\n\n..                                      '
[step 11] edit_file({"new_text":"def display_phone(raw):\n    \"\"\"Return a human-friendly phone number like '0532 123 45 67'.\"\"\"\n    digits = \"\".join(c for c in raw if c.isdigit())\n    if digits.startswith(\"90\") and len(digits) == 12:\n        digits = \"0\" + digits[2:]\n    return f\"{digits[:4]} {digits[4:7]} {digits[7:9]} {digits[9:]}\"","old_text":"def display_phone(raw):\n    \"\"\"Return a human-friendly phone number like '0532 123 45 67'.\"\"\"\n    digits = \"\".join(c for c in raw if c.isdigit())\n    if digits.startswith(\"90\"):\n        digits = \"0\" + digits[2:]\n    elif digits.startswith(\"+90\"): # in case raw starts with +90\n        pass\n    return f\"{digits[:4]} {digits[4:7]} {digits[7:9]} {digits[9:]}\"","path":"display.py"}) -> 'OK: Edited display.py.'
[step 12] run_tests({}) -> 'STATUS: PASSED (exit code 0)\n\n..                                      '
--> SOLVED  steps=13  cost=$0.0072

=== 015_shared_function  (run 3/3) ===
[step 1] list_files({}) -> 'display.py\nissue.md\nphone.py\nsms.py\ntest_display.py'
[step 2] read_file({"path":"issue.md"}) -> '# Phone numbers look broken on the profile page\n\nA number saved as `05'
[step 3] read_file({"path":"phone.py"}) -> 'def normalize_phone(raw):\n    """Return a Turkish phone number in E.16'
[step 4] read_file({"path":"display.py"}) -> 'from phone import normalize_phone\n\n\ndef display_phone(raw):\n    """Ret'
[step 5] run_tests({}) -> 'STATUS: FAILED (exit code 1)\n\nFF                                      '
[step 6] read_file({"path":"test_display.py"}) -> 'from display import display_phone\n\n\ndef test_display_local_input():\n  '
[step 7] read_file({"path":"sms.py"}) -> 'from phone import normalize_phone\n\n\ndef sms_recipient(raw):\n    """Ret'
[step 8] read_file({"path":"test_display.py"}) -> 'from display import display_phone\n\n\ndef test_display_local_input():\n  '
[step 9] edit_file({"new_text":"def display_phone(raw):\n    \"\"\"Return a human-friendly phone number like '0532 123 45 67'.\"\"\"\n    number = normalize_phone(raw)\n    # E.164 format starts with +90, e.g. '+905321234567'.\n    # For display as '0532 123 45 67', we can strip '+' and replace the leading '90' with '0'.\n    digits = number.lstrip(\"+\")\n    if digits.startswith(\"90\"):\n        digits = \"0\" + digits[2:]\n    return f\"{digits[:4]} {digits[4:7]} {digits[7:9]} {digits[9:]}\"","old_text":"def display_phone(raw):\n    \"\"\"Return a human-friendly phone number like '0532 123 45 67'.\"\"\"\n    number = normalize_phone(raw)\n    return f\"{number[:4]} {number[4:7]} {number[7:9]} {number[9:]}\"","path":"display.py"}) -> 'OK: Edited display.py.'
[step 10] run_tests({}) -> 'STATUS: PASSED (exit code 0)\n\n..                                      '
--> SOLVED  steps=11  cost=$0.0052

=== 016_tests_already_pass  (run 1/3) ===
[step 1] list_files({}) -> 'batching.py\nissue.md\ntest_batching.py'
[step 2] read_file({"path":"issue.md"}) -> '# chunk() silently drops items\n\n`chunk([1, 2, 3, 4, 5], 2)` returns `['
[step 3] read_file({"path":"batching.py"}) -> 'def chunk(items, size):\n    """Split items into consecutive lists of l'
[step 4] run_tests({}) -> 'STATUS: PASSED (exit code 0)\n\n..                                      '
[step 5] read_file({"path":"test_batching.py"}) -> 'from batching import chunk\n\n\ndef test_even_split():\n    assert chunk(['
[step 6] edit_file({"path":"batching.py","old_text":"def chunk(items, size):\n    \"\"\"Split items into consecutive lists of length `size`. The last chunk may be shorter.\"\"\"\n    return [items[i:i + size] for i in range(0, len(items) - size + 1, size)]","new_text":"def chunk(items, size):\n    \"\"\"Split items into consecutive lists of length `size`. The last chunk may be shorter.\"\"\"\n    return [items[i:i + size] for i in range(0, len(items), size)]"}) -> 'OK: Edited batching.py.'
[step 7] run_tests({}) -> 'STATUS: PASSED (exit code 0)\n\n..                                      '
[step 8] edit_file({"new_text":"from batching import chunk\n\n\ndef test_even_split():\n    assert chunk([1, 2, 3, 4], 2) == [[1, 2], [3, 4]]\n\n\ndef test_single_chunk():\n    assert chunk([\"a\", \"b\", \"c\"], 3) == [[\"a\", \"b\", \"c\"]]\n\n\ndef test_uneven_split():\n    assert chunk([1, 2, 3, 4, 5], 2) == [[1, 2], [3, 4], [5]]\n","old_text":"from batching import chunk\n\n\ndef test_even_split():\n    assert chunk([1, 2, 3, 4], 2) == [[1, 2], [3, 4]]\n\n\ndef test_single_chunk():\n    assert chunk([\"a\", \"b\", \"c\"], 3) == [[\"a\", \"b\", \"c\"]]","path":"test_batching.py"}) -> 'ERROR: Test files are read-only. Fix the source code instead.'
[step 9] run_tests({}) -> 'STATUS: PASSED (exit code 0)\n\n..                                      '
--> SOLVED  steps=10  cost=$0.0041

=== 016_tests_already_pass  (run 2/3) ===
[step 1] list_files({}) -> 'batching.py\nissue.md\ntest_batching.py'
[step 2] read_file({"path":"issue.md"}) -> '# chunk() silently drops items\n\n`chunk([1, 2, 3, 4, 5], 2)` returns `['
[step 3] read_file({"path":"batching.py"}) -> 'def chunk(items, size):\n    """Split items into consecutive lists of l'
[step 4] run_tests({}) -> 'STATUS: PASSED (exit code 0)\n\n..                                      '
[step 5] read_file({"path":"test_batching.py"}) -> 'from batching import chunk\n\n\ndef test_even_split():\n    assert chunk(['
[step 6] edit_file({"old_text":"def chunk(items, size):\n    \"\"\"Split items into consecutive lists of length `size`. The last chunk may be shorter.\"\"\"\n    return [items[i:i + size] for i in range(0, len(items) - size + 1, size)]","path":"batching.py","new_text":"def chunk(items, size):\n    \"\"\"Split items into consecutive lists of length `size`. The last chunk may be shorter.\"\"\"\n    return [items[i:i + size] for i in range(0, len(items), size)]"}) -> 'OK: Edited batching.py.'
[step 7] run_tests({}) -> 'STATUS: PASSED (exit code 0)\n\n..                                      '
[step 8] edit_file({"new_text":"from batching import chunk\n\n\ndef test_even_split():\n    assert chunk([1, 2, 3, 4], 2) == [[1, 2], [3, 4]]\n\n\ndef test_single_chunk():\n    assert chunk([\"a\", \"b\", \"c\"], 3) == [[\"a\", \"b\", \"c\"]]\n\n\ndef test_uneven_split():\n    assert chunk([1, 2, 3, 4, 5], 2) == [[1, 2], [3, 4], [5]]\n","path":"test_batching.py","old_text":"from batching import chunk\n\n\ndef test_even_split():\n    assert chunk([1, 2, 3, 4], 2) == [[1, 2], [3, 4]]\n\n\ndef test_single_chunk():\n    assert chunk([\"a\", \"b\", \"c\"], 3) == [[\"a\", \"b\", \"c\"]]"}) -> 'ERROR: Test files are read-only. Fix the source code instead.'
[step 9] run_tests({}) -> 'STATUS: PASSED (exit code 0)\n\n..                                      '
--> SOLVED  steps=10  cost=$0.0040

=== 016_tests_already_pass  (run 3/3) ===
[step 1] list_files({}) -> 'batching.py\nissue.md\ntest_batching.py'
[step 2] read_file({"path":"issue.md"}) -> '# chunk() silently drops items\n\n`chunk([1, 2, 3, 4, 5], 2)` returns `['
[step 3] read_file({"path":"batching.py"}) -> 'def chunk(items, size):\n    """Split items into consecutive lists of l'
[step 4] run_tests({}) -> 'STATUS: PASSED (exit code 0)\n\n..                                      '
[step 5] read_file({"path":"test_batching.py"}) -> 'from batching import chunk\n\n\ndef test_even_split():\n    assert chunk(['
[step 6] edit_file({"new_text":"def chunk(items, size):\n    \"\"\"Split items into consecutive lists of length `size`. The last chunk may be shorter.\"\"\"\n    return [items[i:i + size] for i in range(0, len(items), size)]","old_text":"def chunk(items, size):\n    \"\"\"Split items into consecutive lists of length `size`. The last chunk may be shorter.\"\"\"\n    return [items[i:i + size] for i in range(0, len(items) - size + 1, size)]","path":"batching.py"}) -> 'OK: Edited batching.py.'
[step 7] run_tests({}) -> 'STATUS: PASSED (exit code 0)\n\n..                                      '
[step 8] edit_file({"path":"test_batching.py","new_text":"from batching import chunk\n\n\ndef test_even_split():\n    assert chunk([1, 2, 3, 4], 2) == [[1, 2], [3, 4]]\n\n\ndef test_single_chunk():\n    assert chunk([\"a\", \"b\", \"c\"], 3) == [[\"a\", \"b\", \"c\"]]\n\n\ndef test_uneven_split():\n    assert chunk([1, 2, 3, 4, 5], 2) == [[1, 2], [3, 4], [5]]\n","old_text":"from batching import chunk\n\n\ndef test_even_split():\n    assert chunk([1, 2, 3, 4], 2) == [[1, 2], [3, 4]]\n\n\ndef test_single_chunk():\n    assert chunk([\"a\", \"b\", \"c\"], 3) == [[\"a\", \"b\", \"c\"]]"}) -> 'ERROR: Test files are read-only. Fix the source code instead.'
[step 9] run_tests({}) -> 'STATUS: PASSED (exit code 0)\n\n..                                      '
--> SOLVED  steps=10  cost=$0.0040

=== 017_unit_mismatch  (run 1/3) ===
[step 1] list_files({}) -> 'issue.md\nreport.py\nstats.py\ntest_report.py\ntimeout.py\ntiming.py'
[step 2] read_file({"path":"issue.md"}) -> '# Run report shows huge durations\n\nThe report says `Average: 1500.0 s`'
[step 3] read_file({"path":"report.py"}) -> 'from stats import average_seconds\nfrom timing import elapsed_ms\n\n\ndef '
[step 4] read_file({"path":"stats.py"}) -> 'def average_seconds(durations_s):\n    """Return the average of a non-e'
[step 5] read_file({"path":"timing.py"}) -> 'def elapsed_ms(start_ms, end_ms):\n    """Return the elapsed time in mi'
[step 6] run_tests({}) -> 'STATUS: FAILED (exit code 1)\n\nF                                       '
[step 7] read_file({"path":"test_report.py"}) -> 'from report import format_report\n\n\ndef test_average_report():\n    runs'
[step 8] edit_file({"new_text":"from stats import average_seconds\nfrom timing import elapsed_ms\n\n\ndef format_report(runs):\n    \"\"\"runs is a list of (start_ms, end_ms) timestamps. Return e.g. 'Average: 1.5 s'.\"\"\"\n    durations = [elapsed_ms(start, end) / 1000.0 for start, end in runs]\n    return f\"Average: {average_seconds(durations):.1f} s\"","old_text":"from stats import average_seconds\nfrom timing import elapsed_ms\n\n\ndef format_report(runs):\n    \"\"\"runs is a list of (start_ms, end_ms) timestamps. Return e.g. 'Average: 1.5 s'.\"\"\"\n    durations = [elapsed_ms(start, end) for start, end in runs]\n    return f\"Average: {average_seconds(durations):.1f} s\"","path":"report.py"}) -> 'OK: Edited report.py.'
[step 9] run_tests({}) -> 'STATUS: PASSED (exit code 0)\n\n.                                       '
--> SOLVED  steps=10  cost=$0.0038

=== 017_unit_mismatch  (run 2/3) ===
[step 1] list_files({}) -> 'issue.md\nreport.py\nstats.py\ntest_report.py\ntimeout.py\ntiming.py'
[step 2] read_file({"path":"issue.md"}) -> '# Run report shows huge durations\n\nThe report says `Average: 1500.0 s`'
[step 3] read_file({"path":"report.py"}) -> 'from stats import average_seconds\nfrom timing import elapsed_ms\n\n\ndef '
[step 4] read_file({"path":"stats.py"}) -> 'def average_seconds(durations_s):\n    """Return the average of a non-e'
[step 5] read_file({"path":"timing.py"}) -> 'def elapsed_ms(start_ms, end_ms):\n    """Return the elapsed time in mi'
[step 6] run_tests({}) -> 'STATUS: FAILED (exit code 1)\n\nF                                       '
[step 7] read_file({"path":"test_report.py"}) -> 'from report import format_report\n\n\ndef test_average_report():\n    runs'
[step 8] edit_file({"new_text":"from stats import average_seconds\nfrom timing import elapsed_ms\n\n\ndef format_report(runs):\n    \"\"\"runs is a list of (start_ms, end_ms) timestamps. Return e.g. 'Average: 1.5 s'.\"\"\"\n    durations = [elapsed_ms(start, end) / 1000.0 for start, end in runs]\n    return f\"Average: {average_seconds(durations):.1f} s\"","path":"report.py","old_text":"from stats import average_seconds\nfrom timing import elapsed_ms\n\n\ndef format_report(runs):\n    \"\"\"runs is a list of (start_ms, end_ms) timestamps. Return e.g. 'Average: 1.5 s'.\"\"\"\n    durations = [elapsed_ms(start, end) for start, end in runs]\n    return f\"Average: {average_seconds(durations):.1f} s\""}) -> 'OK: Edited report.py.'
[step 9] run_tests({}) -> 'STATUS: PASSED (exit code 0)\n\n.                                       '
--> SOLVED  steps=10  cost=$0.0038

=== 017_unit_mismatch  (run 3/3) ===
[step 1] list_files({}) -> 'issue.md\nreport.py\nstats.py\ntest_report.py\ntimeout.py\ntiming.py'
[step 2] read_file({"path":"issue.md"}) -> '# Run report shows huge durations\n\nThe report says `Average: 1500.0 s`'
[step 3] read_file({"path":"report.py"}) -> 'from stats import average_seconds\nfrom timing import elapsed_ms\n\n\ndef '
[step 4] read_file({"path":"stats.py"}) -> 'def average_seconds(durations_s):\n    """Return the average of a non-e'
[step 5] read_file({"path":"timing.py"}) -> 'def elapsed_ms(start_ms, end_ms):\n    """Return the elapsed time in mi'
[step 6] run_tests({}) -> 'STATUS: FAILED (exit code 1)\n\nF                                       '
[step 7] read_file({"path":"test_report.py"}) -> 'from report import format_report\n\n\ndef test_average_report():\n    runs'
[step 8] edit_file({"old_text":"from stats import average_seconds\nfrom timing import elapsed_ms\n\n\ndef format_report(runs):\n    \"\"\"runs is a list of (start_ms, end_ms) timestamps. Return e.g. 'Average: 1.5 s'.\"\"\"\n    durations = [elapsed_ms(start, end) for start, end in runs]\n    return f\"Average: {average_seconds(durations):.1f} s\"","path":"report.py","new_text":"from stats import average_seconds\nfrom timing import elapsed_ms\n\n\ndef format_report(runs):\n    \"\"\"runs is a list of (start_ms, end_ms) timestamps. Return e.g. 'Average: 1.5 s'.\"\"\"\n    durations = [elapsed_ms(start, end) / 1000.0 for start, end in runs]\n    return f\"Average: {average_seconds(durations):.1f} s\""}) -> 'OK: Edited report.py.'
[step 9] run_tests({}) -> 'STATUS: PASSED (exit code 0)\n\n.                                       '
--> SOLVED  steps=10  cost=$0.0037

Difficulty      Solved   Avg steps    Avg cost
expert           12/15        11.5     $0.0207
TOTAL            12/15        11.5     $0.0207

Not solved in every run: 014_long_file

Saved results to runs/eval_20261004_184942.json
